==================================================
  BLOOD BOWL DICE TRACKER — GAME SUMMARY
  2026-04-24   Turns played: 2/16
==================================================

──────────────────────────────────────────────────
  SKALISTY PRISONER REFORM
──────────────────────────────────────────────────

  D6 ROLLS:
    [1pip] :   2  ||
    [2pip] :   0  
    [3pip] :   0  
    [4pip] :   0  
    [5pip] :   0  
    [BB  ] :   0  

  BLOCK DICE:
    ->  Push         :   1  |
    **  POW!         :   1  |
    <>  Both Down    :   0  
    XX  Player Down  :   1  |
    !   Stumble      :   0  

──────────────────────────────────────────────────
  NORDICKZ
──────────────────────────────────────────────────

  D6 ROLLS:
    [1pip] :   0  
    [2pip] :   1  |
    [3pip] :   0  
    [4pip] :   0  
    [5pip] :   0  
    [BB  ] :   0  

  BLOCK DICE:
    ->  Push         :   1  |
    **  POW!         :   0  
    <>  Both Down    :   0  
    XX  Player Down  :   0  
    !   Stumble      :   0  

==================================================
